// Jest Snapshot v1, https://goo.gl/fbAQLP

exports[`Create should match the snapshot every time it is rendered 1`] = `
<button
  className="btn btn-success"
  disabled={false}
  onClick={[Function]}
  type="button"
>
  Create Ticket
</button>
`;

exports[`CreateTicket should match the snapshot every time it is rendered 1`] = `
<button
  className="btn btn-success"
  disabled={false}
  onClick={[Function]}
  type="button"
>
  Create Ticket
</button>
`;

exports[`renders correctly 1`] = `
<button
  className="btn btn-success"
  disabled={false}
  onClick={[Function]}
  type="button"
>
  Create Ticket
</button>
`;
