// Jest Snapshot v1, https://goo.gl/fbAQLP

exports[`DeleteTicket should match the snapshot every time it is rendered 1`] = `
<button
  className="btn btn-danger"
  disabled={false}
  onClick={[Function]}
  type="button"
>
   Delete 
</button>
`;

exports[`renders correctly 1`] = `
<button
  className="btn btn-danger"
  disabled={false}
  onClick={[Function]}
  type="button"
>
   Delete 
</button>
`;
