// Jest Snapshot v1, https://goo.gl/fbAQLP

exports[`CreateTicket should match the snapshot every time it is rendered 1`] = `
<button
  className="btn btn-secondary"
  disabled={false}
  onClick={[Function]}
  type="button"
>
   Update
</button>
`;

exports[`renders correctly 1`] = `
<button
  className="btn btn-secondary"
  disabled={false}
  onClick={[Function]}
  type="button"
>
   Update
</button>
`;
