// Jest Snapshot v1, https://goo.gl/fbAQLP

exports[`renders correctly 1`] = `
<button
  className="btn btn-info"
  disabled={false}
  onClick={[Function]}
  type="button"
>
   View
</button>
`;
